error: Invalid attribute parameter(s): 'Xsubscribe'. Expected 'subscribe, unsubscribe'
  --> $DIR/attr-invalid-meta-words.rs:10:2
   |
10 |       /// Hello subscription
   |  _____^
11 | |     #[pubsub(subscription = "hello", Xsubscribe, name = "hello_subscribe", alias("hello_sub"))]
12 | |     fn subscribe(&self, Self::Metadata, typed::Subscriber<String>, u64);
   | |________________________________________________________________________^

error: aborting due to previous error

