error: pubsub attribute not annotated with either subscribe or unsubscribe
  --> $DIR/attr-neither-subscribe-or-unsubscribe.rs:10:2
   |
10 |       /// Hello subscription
   |  _____^
11 | |     #[pubsub(subscription = "hello", name = "hello_subscribe", alias("hello_sub"))]
12 | |     fn subscribe(&self, Self::Metadata, typed::Subscriber<String>, u64);
   | |________________________________________________________________________^

error: aborting due to previous error

