error: pubsub attribute should have a subscription name
  --> $DIR/attr-missing-subscription-name.rs:10:2
   |
10 |       /// Hello subscription
   |  _____^
11 | |     #[pubsub(subscribe, name = "hello_subscribe", alias("hello_sub"))]
12 | |     fn subscribe(&self, Self::Metadata, typed::Subscriber<String>, u64);
   | |________________________________________________________________________^

error: aborting due to previous error

